Archive member included to satisfy reference by file (symbol)

/usr/lib/gcc/arm-none-eabi/5.4.1/../../../arm-none-eabi/lib/armv7e-m/libg_nano.a(lib_a-atexit.o)
                              /usr/lib/gcc/arm-none-eabi/5.4.1/../../../arm-none-eabi/lib/armv7e-m/crt0.o (atexit)
/usr/lib/gcc/arm-none-eabi/5.4.1/../../../arm-none-eabi/lib/armv7e-m/libg_nano.a(lib_a-errno.o)
                              objdir/stm32f3_sysmem.o (__errno)
/usr/lib/gcc/arm-none-eabi/5.4.1/../../../arm-none-eabi/lib/armv7e-m/libg_nano.a(lib_a-exit.o)
                              /usr/lib/gcc/arm-none-eabi/5.4.1/../../../arm-none-eabi/lib/armv7e-m/crt0.o (exit)
/usr/lib/gcc/arm-none-eabi/5.4.1/../../../arm-none-eabi/lib/armv7e-m/libg_nano.a(lib_a-fini.o)
                              /usr/lib/gcc/arm-none-eabi/5.4.1/../../../arm-none-eabi/lib/armv7e-m/crt0.o (__libc_fini_array)
/usr/lib/gcc/arm-none-eabi/5.4.1/../../../arm-none-eabi/lib/armv7e-m/libg_nano.a(lib_a-impure.o)
                              /usr/lib/gcc/arm-none-eabi/5.4.1/../../../arm-none-eabi/lib/armv7e-m/libg_nano.a(lib_a-exit.o) (_global_impure_ptr)
/usr/lib/gcc/arm-none-eabi/5.4.1/../../../arm-none-eabi/lib/armv7e-m/libg_nano.a(lib_a-init.o)
                              /usr/lib/gcc/arm-none-eabi/5.4.1/../../../arm-none-eabi/lib/armv7e-m/crt0.o (__libc_init_array)
/usr/lib/gcc/arm-none-eabi/5.4.1/../../../arm-none-eabi/lib/armv7e-m/libg_nano.a(lib_a-memset.o)
                              /usr/lib/gcc/arm-none-eabi/5.4.1/../../../arm-none-eabi/lib/armv7e-m/crt0.o (memset)
/usr/lib/gcc/arm-none-eabi/5.4.1/../../../arm-none-eabi/lib/armv7e-m/libg_nano.a(lib_a-__atexit.o)
                              /usr/lib/gcc/arm-none-eabi/5.4.1/../../../arm-none-eabi/lib/armv7e-m/libg_nano.a(lib_a-atexit.o) (__register_exitproc)
/usr/lib/gcc/arm-none-eabi/5.4.1/../../../arm-none-eabi/lib/armv7e-m/libg_nano.a(lib_a-__call_atexit.o)
                              /usr/lib/gcc/arm-none-eabi/5.4.1/../../../arm-none-eabi/lib/armv7e-m/libg_nano.a(lib_a-__atexit.o) (__call_exitprocs)
/usr/lib/gcc/arm-none-eabi/5.4.1/../../../arm-none-eabi/lib/armv7e-m/libnosys.a(_exit.o)
                              /usr/lib/gcc/arm-none-eabi/5.4.1/../../../arm-none-eabi/lib/armv7e-m/libg_nano.a(lib_a-exit.o) (_exit)

Allocating common symbols
Common symbol       size              file

UartHandle          0x70              objdir/stm32f3_hal.o

Discarded input sections

 .text          0x0000000000000000        0x0 /usr/lib/gcc/arm-none-eabi/5.4.1/armv7e-m/crti.o
 .data          0x0000000000000000        0x0 /usr/lib/gcc/arm-none-eabi/5.4.1/armv7e-m/crti.o
 .bss           0x0000000000000000        0x0 /usr/lib/gcc/arm-none-eabi/5.4.1/armv7e-m/crti.o
 .data          0x0000000000000000        0x4 /usr/lib/gcc/arm-none-eabi/5.4.1/armv7e-m/crtbegin.o
 .text          0x0000000000000000       0x68 /usr/lib/gcc/arm-none-eabi/5.4.1/../../../arm-none-eabi/lib/armv7e-m/crt0.o
 .data          0x0000000000000000        0x0 /usr/lib/gcc/arm-none-eabi/5.4.1/../../../arm-none-eabi/lib/armv7e-m/crt0.o
 .bss           0x0000000000000000        0x0 /usr/lib/gcc/arm-none-eabi/5.4.1/../../../arm-none-eabi/lib/armv7e-m/crt0.o
 .ARM.extab     0x0000000000000000        0x0 /usr/lib/gcc/arm-none-eabi/5.4.1/../../../arm-none-eabi/lib/armv7e-m/crt0.o
 .ARM.exidx     0x0000000000000000        0x8 /usr/lib/gcc/arm-none-eabi/5.4.1/../../../arm-none-eabi/lib/armv7e-m/crt0.o
 .debug_line    0x0000000000000000       0x7b /usr/lib/gcc/arm-none-eabi/5.4.1/../../../arm-none-eabi/lib/armv7e-m/crt0.o
 .debug_info    0x0000000000000000       0x9e /usr/lib/gcc/arm-none-eabi/5.4.1/../../../arm-none-eabi/lib/armv7e-m/crt0.o
 .debug_abbrev  0x0000000000000000       0x14 /usr/lib/gcc/arm-none-eabi/5.4.1/../../../arm-none-eabi/lib/armv7e-m/crt0.o
 .debug_aranges
                0x0000000000000000       0x20 /usr/lib/gcc/arm-none-eabi/5.4.1/../../../arm-none-eabi/lib/armv7e-m/crt0.o
 .ARM.attributes
                0x0000000000000000       0x1c /usr/lib/gcc/arm-none-eabi/5.4.1/../../../arm-none-eabi/lib/armv7e-m/crt0.o
 .text          0x0000000000000000        0x0 objdir/simpleserial-base.o
 .bss           0x0000000000000000        0x0 objdir/simpleserial-base.o
 .text.AES_KeySchedule
                0x0000000000000000        0xa objdir/simpleserial-base.o
 .text          0x0000000000000000        0x0 objdir/simpleserial.o
 .data          0x0000000000000000        0x0 objdir/simpleserial.o
 .text.ss_crc   0x0000000000000000       0x32 objdir/simpleserial.o
 .text          0x0000000000000000        0x0 objdir/stm32f3_hal.o
 .data          0x0000000000000000        0x0 objdir/stm32f3_hal.o
 .bss           0x0000000000000000        0x0 objdir/stm32f3_hal.o
 .text.change_err_led
                0x0000000000000000       0x18 objdir/stm32f3_hal.o
 .text.change_ok_led
                0x0000000000000000       0x18 objdir/stm32f3_hal.o
 .text          0x0000000000000000        0x0 objdir/stm32f3_hal_lowlevel.o
 .data          0x0000000000000000        0x4 objdir/stm32f3_hal_lowlevel.o
 .text.HAL_NVIC_SetPriority
                0x0000000000000000       0x68 objdir/stm32f3_hal_lowlevel.o
 .text.HAL_InitTick
                0x0000000000000000        0xc objdir/stm32f3_hal_lowlevel.o
 .text.HAL_IncTick
                0x0000000000000000        0x2 objdir/stm32f3_hal_lowlevel.o
 .text.HAL_RCC_GetSysClockFreq
                0x0000000000000000        0x6 objdir/stm32f3_hal_lowlevel.o
 .text.HAL_RCC_GetPCLK1Freq
                0x0000000000000000        0x6 objdir/stm32f3_hal_lowlevel.o
 .text.HAL_RCC_GetPCLK2Freq
                0x0000000000000000        0x6 objdir/stm32f3_hal_lowlevel.o
 .text          0x0000000000000000        0x0 objdir/stm32f3_sysmem.o
 .data          0x0000000000000000        0x0 objdir/stm32f3_sysmem.o
 .bss           0x0000000000000000        0x4 objdir/stm32f3_sysmem.o
 .text._sbrk    0x0000000000000000       0x34 objdir/stm32f3_sysmem.o
 .debug_info    0x0000000000000000      0x123 objdir/stm32f3_sysmem.o
 .debug_abbrev  0x0000000000000000       0xcd objdir/stm32f3_sysmem.o
 .debug_loc     0x0000000000000000       0x6e objdir/stm32f3_sysmem.o
 .debug_aranges
                0x0000000000000000       0x20 objdir/stm32f3_sysmem.o
 .debug_ranges  0x0000000000000000       0x10 objdir/stm32f3_sysmem.o
 .debug_line    0x0000000000000000       0x88 objdir/stm32f3_sysmem.o
 .debug_str     0x0000000000000000      0x1e8 objdir/stm32f3_sysmem.o
 .comment       0x0000000000000000       0x2c objdir/stm32f3_sysmem.o
 .debug_frame   0x0000000000000000       0x2c objdir/stm32f3_sysmem.o
 .ARM.attributes
                0x0000000000000000       0x33 objdir/stm32f3_sysmem.o
 .text          0x0000000000000000       0x14 objdir/stm32f3_startup.o
 .data          0x0000000000000000        0x0 objdir/stm32f3_startup.o
 .bss           0x0000000000000000        0x0 objdir/stm32f3_startup.o
 .text          0x0000000000000000        0xc /usr/lib/gcc/arm-none-eabi/5.4.1/../../../arm-none-eabi/lib/armv7e-m/libg_nano.a(lib_a-atexit.o)
 .data          0x0000000000000000        0x0 /usr/lib/gcc/arm-none-eabi/5.4.1/../../../arm-none-eabi/lib/armv7e-m/libg_nano.a(lib_a-atexit.o)
 .bss           0x0000000000000000        0x0 /usr/lib/gcc/arm-none-eabi/5.4.1/../../../arm-none-eabi/lib/armv7e-m/libg_nano.a(lib_a-atexit.o)
 .debug_info    0x0000000000000000       0xfe /usr/lib/gcc/arm-none-eabi/5.4.1/../../../arm-none-eabi/lib/armv7e-m/libg_nano.a(lib_a-atexit.o)
 .debug_abbrev  0x0000000000000000       0xaa /usr/lib/gcc/arm-none-eabi/5.4.1/../../../arm-none-eabi/lib/armv7e-m/libg_nano.a(lib_a-atexit.o)
 .debug_loc     0x0000000000000000       0x2c /usr/lib/gcc/arm-none-eabi/5.4.1/../../../arm-none-eabi/lib/armv7e-m/libg_nano.a(lib_a-atexit.o)
 .debug_aranges
                0x0000000000000000       0x20 /usr/lib/gcc/arm-none-eabi/5.4.1/../../../arm-none-eabi/lib/armv7e-m/libg_nano.a(lib_a-atexit.o)
 .debug_line    0x0000000000000000       0xb5 /usr/lib/gcc/arm-none-eabi/5.4.1/../../../arm-none-eabi/lib/armv7e-m/libg_nano.a(lib_a-atexit.o)
 .debug_str     0x0000000000000000      0x1d2 /usr/lib/gcc/arm-none-eabi/5.4.1/../../../arm-none-eabi/lib/armv7e-m/libg_nano.a(lib_a-atexit.o)
 .comment       0x0000000000000000       0x2c /usr/lib/gcc/arm-none-eabi/5.4.1/../../../arm-none-eabi/lib/armv7e-m/libg_nano.a(lib_a-atexit.o)
 .debug_frame   0x0000000000000000       0x20 /usr/lib/gcc/arm-none-eabi/5.4.1/../../../arm-none-eabi/lib/armv7e-m/libg_nano.a(lib_a-atexit.o)
 .ARM.attributes
                0x0000000000000000       0x2e /usr/lib/gcc/arm-none-eabi/5.4.1/../../../arm-none-eabi/lib/armv7e-m/libg_nano.a(lib_a-atexit.o)
 .text          0x0000000000000000        0xc /usr/lib/gcc/arm-none-eabi/5.4.1/../../../arm-none-eabi/lib/armv7e-m/libg_nano.a(lib_a-errno.o)
 .data          0x0000000000000000        0x0 /usr/lib/gcc/arm-none-eabi/5.4.1/../../../arm-none-eabi/lib/armv7e-m/libg_nano.a(lib_a-errno.o)
 .bss           0x0000000000000000        0x0 /usr/lib/gcc/arm-none-eabi/5.4.1/../../../arm-none-eabi/lib/armv7e-m/libg_nano.a(lib_a-errno.o)
 .debug_info    0x0000000000000000      0x73c /usr/lib/gcc/arm-none-eabi/5.4.1/../../../arm-none-eabi/lib/armv7e-m/libg_nano.a(lib_a-errno.o)
 .debug_abbrev  0x0000000000000000      0x134 /usr/lib/gcc/arm-none-eabi/5.4.1/../../../arm-none-eabi/lib/armv7e-m/libg_nano.a(lib_a-errno.o)
 .debug_aranges
                0x0000000000000000       0x20 /usr/lib/gcc/arm-none-eabi/5.4.1/../../../arm-none-eabi/lib/armv7e-m/libg_nano.a(lib_a-errno.o)
 .debug_line    0x0000000000000000      0x101 /usr/lib/gcc/arm-none-eabi/5.4.1/../../../arm-none-eabi/lib/armv7e-m/libg_nano.a(lib_a-errno.o)
 .debug_str     0x0000000000000000      0x4e6 /usr/lib/gcc/arm-none-eabi/5.4.1/../../../arm-none-eabi/lib/armv7e-m/libg_nano.a(lib_a-errno.o)
 .comment       0x0000000000000000       0x2c /usr/lib/gcc/arm-none-eabi/5.4.1/../../../arm-none-eabi/lib/armv7e-m/libg_nano.a(lib_a-errno.o)
 .debug_frame   0x0000000000000000       0x20 /usr/lib/gcc/arm-none-eabi/5.4.1/../../../arm-none-eabi/lib/armv7e-m/libg_nano.a(lib_a-errno.o)
 .ARM.attributes
                0x0000000000000000       0x2e /usr/lib/gcc/arm-none-eabi/5.4.1/../../../arm-none-eabi/lib/armv7e-m/libg_nano.a(lib_a-errno.o)
 .text          0x0000000000000000       0x28 /usr/lib/gcc/arm-none-eabi/5.4.1/../../../arm-none-eabi/lib/armv7e-m/libg_nano.a(lib_a-exit.o)
 .data          0x0000000000000000        0x0 /usr/lib/gcc/arm-none-eabi/5.4.1/../../../arm-none-eabi/lib/armv7e-m/libg_nano.a(lib_a-exit.o)
 .bss           0x0000000000000000        0x0 /usr/lib/gcc/arm-none-eabi/5.4.1/../../../arm-none-eabi/lib/armv7e-m/libg_nano.a(lib_a-exit.o)
 .debug_info    0x0000000000000000      0x7a0 /usr/lib/gcc/arm-none-eabi/5.4.1/../../../arm-none-eabi/lib/armv7e-m/libg_nano.a(lib_a-exit.o)
 .debug_abbrev  0x0000000000000000      0x18e /usr/lib/gcc/arm-none-eabi/5.4.1/../../../arm-none-eabi/lib/armv7e-m/libg_nano.a(lib_a-exit.o)
 .debug_loc     0x0000000000000000       0x1e /usr/lib/gcc/arm-none-eabi/5.4.1/../../../arm-none-eabi/lib/armv7e-m/libg_nano.a(lib_a-exit.o)
 .debug_aranges
                0x0000000000000000       0x20 /usr/lib/gcc/arm-none-eabi/5.4.1/../../../arm-none-eabi/lib/armv7e-m/libg_nano.a(lib_a-exit.o)
 .debug_line    0x0000000000000000      0x152 /usr/lib/gcc/arm-none-eabi/5.4.1/../../../arm-none-eabi/lib/armv7e-m/libg_nano.a(lib_a-exit.o)
 .debug_str     0x0000000000000000      0x507 /usr/lib/gcc/arm-none-eabi/5.4.1/../../../arm-none-eabi/lib/armv7e-m/libg_nano.a(lib_a-exit.o)
 .comment       0x0000000000000000       0x2c /usr/lib/gcc/arm-none-eabi/5.4.1/../../../arm-none-eabi/lib/armv7e-m/libg_nano.a(lib_a-exit.o)
 .debug_frame   0x0000000000000000       0x28 /usr/lib/gcc/arm-none-eabi/5.4.1/../../../arm-none-eabi/lib/armv7e-m/libg_nano.a(lib_a-exit.o)
 .ARM.attributes
                0x0000000000000000       0x2e /usr/lib/gcc/arm-none-eabi/5.4.1/../../../arm-none-eabi/lib/armv7e-m/libg_nano.a(lib_a-exit.o)
 .text          0x0000000000000000       0x28 /usr/lib/gcc/arm-none-eabi/5.4.1/../../../arm-none-eabi/lib/armv7e-m/libg_nano.a(lib_a-fini.o)
 .data          0x0000000000000000        0x0 /usr/lib/gcc/arm-none-eabi/5.4.1/../../../arm-none-eabi/lib/armv7e-m/libg_nano.a(lib_a-fini.o)
 .bss           0x0000000000000000        0x0 /usr/lib/gcc/arm-none-eabi/5.4.1/../../../arm-none-eabi/lib/armv7e-m/libg_nano.a(lib_a-fini.o)
 .debug_info    0x0000000000000000       0xfa /usr/lib/gcc/arm-none-eabi/5.4.1/../../../arm-none-eabi/lib/armv7e-m/libg_nano.a(lib_a-fini.o)
 .debug_abbrev  0x0000000000000000       0xbd /usr/lib/gcc/arm-none-eabi/5.4.1/../../../arm-none-eabi/lib/armv7e-m/libg_nano.a(lib_a-fini.o)
 .debug_loc     0x0000000000000000       0x5c /usr/lib/gcc/arm-none-eabi/5.4.1/../../../arm-none-eabi/lib/armv7e-m/libg_nano.a(lib_a-fini.o)
 .debug_aranges
                0x0000000000000000       0x20 /usr/lib/gcc/arm-none-eabi/5.4.1/../../../arm-none-eabi/lib/armv7e-m/libg_nano.a(lib_a-fini.o)
 .debug_line    0x0000000000000000       0x9c /usr/lib/gcc/arm-none-eabi/5.4.1/../../../arm-none-eabi/lib/armv7e-m/libg_nano.a(lib_a-fini.o)
 .debug_str     0x0000000000000000      0x1ca /usr/lib/gcc/arm-none-eabi/5.4.1/../../../arm-none-eabi/lib/armv7e-m/libg_nano.a(lib_a-fini.o)
 .comment       0x0000000000000000       0x2c /usr/lib/gcc/arm-none-eabi/5.4.1/../../../arm-none-eabi/lib/armv7e-m/libg_nano.a(lib_a-fini.o)
 .debug_frame   0x0000000000000000       0x34 /usr/lib/gcc/arm-none-eabi/5.4.1/../../../arm-none-eabi/lib/armv7e-m/libg_nano.a(lib_a-fini.o)
 .ARM.attributes
                0x0000000000000000       0x2e /usr/lib/gcc/arm-none-eabi/5.4.1/../../../arm-none-eabi/lib/armv7e-m/libg_nano.a(lib_a-fini.o)
 .text          0x0000000000000000        0x0 /usr/lib/gcc/arm-none-eabi/5.4.1/../../../arm-none-eabi/lib/armv7e-m/libg_nano.a(lib_a-impure.o)
 .data          0x0000000000000000       0x64 /usr/lib/gcc/arm-none-eabi/5.4.1/../../../arm-none-eabi/lib/armv7e-m/libg_nano.a(lib_a-impure.o)
 .bss           0x0000000000000000        0x0 /usr/lib/gcc/arm-none-eabi/5.4.1/../../../arm-none-eabi/lib/armv7e-m/libg_nano.a(lib_a-impure.o)
 .rodata        0x0000000000000000        0x4 /usr/lib/gcc/arm-none-eabi/5.4.1/../../../arm-none-eabi/lib/armv7e-m/libg_nano.a(lib_a-impure.o)
 .rodata.str1.4
                0x0000000000000000        0x2 /usr/lib/gcc/arm-none-eabi/5.4.1/../../../arm-none-eabi/lib/armv7e-m/libg_nano.a(lib_a-impure.o)
 .debug_info    0x0000000000000000      0x7da /usr/lib/gcc/arm-none-eabi/5.4.1/../../../arm-none-eabi/lib/armv7e-m/libg_nano.a(lib_a-impure.o)
 .debug_abbrev  0x0000000000000000      0x136 /usr/lib/gcc/arm-none-eabi/5.4.1/../../../arm-none-eabi/lib/armv7e-m/libg_nano.a(lib_a-impure.o)
 .debug_aranges
                0x0000000000000000       0x18 /usr/lib/gcc/arm-none-eabi/5.4.1/../../../arm-none-eabi/lib/armv7e-m/libg_nano.a(lib_a-impure.o)
 .debug_line    0x0000000000000000       0xe6 /usr/lib/gcc/arm-none-eabi/5.4.1/../../../arm-none-eabi/lib/armv7e-m/libg_nano.a(lib_a-impure.o)
 .debug_str     0x0000000000000000      0x53d /usr/lib/gcc/arm-none-eabi/5.4.1/../../../arm-none-eabi/lib/armv7e-m/libg_nano.a(lib_a-impure.o)
 .comment       0x0000000000000000       0x2c /usr/lib/gcc/arm-none-eabi/5.4.1/../../../arm-none-eabi/lib/armv7e-m/libg_nano.a(lib_a-impure.o)
 .ARM.attributes
                0x0000000000000000       0x2e /usr/lib/gcc/arm-none-eabi/5.4.1/../../../arm-none-eabi/lib/armv7e-m/libg_nano.a(lib_a-impure.o)
 .data          0x0000000000000000        0x0 /usr/lib/gcc/arm-none-eabi/5.4.1/../../../arm-none-eabi/lib/armv7e-m/libg_nano.a(lib_a-init.o)
 .bss           0x0000000000000000        0x0 /usr/lib/gcc/arm-none-eabi/5.4.1/../../../arm-none-eabi/lib/armv7e-m/libg_nano.a(lib_a-init.o)
 .data          0x0000000000000000        0x0 /usr/lib/gcc/arm-none-eabi/5.4.1/../../../arm-none-eabi/lib/armv7e-m/libg_nano.a(lib_a-memset.o)
 .bss           0x0000000000000000        0x0 /usr/lib/gcc/arm-none-eabi/5.4.1/../../../arm-none-eabi/lib/armv7e-m/libg_nano.a(lib_a-memset.o)
 .text          0x0000000000000000       0xd0 /usr/lib/gcc/arm-none-eabi/5.4.1/../../../arm-none-eabi/lib/armv7e-m/libg_nano.a(lib_a-__atexit.o)
 .data          0x0000000000000000        0x4 /usr/lib/gcc/arm-none-eabi/5.4.1/../../../arm-none-eabi/lib/armv7e-m/libg_nano.a(lib_a-__atexit.o)
 .bss           0x0000000000000000       0x8c /usr/lib/gcc/arm-none-eabi/5.4.1/../../../arm-none-eabi/lib/armv7e-m/libg_nano.a(lib_a-__atexit.o)
 .debug_info    0x0000000000000000      0x25e /usr/lib/gcc/arm-none-eabi/5.4.1/../../../arm-none-eabi/lib/armv7e-m/libg_nano.a(lib_a-__atexit.o)
 .debug_abbrev  0x0000000000000000      0x19c /usr/lib/gcc/arm-none-eabi/5.4.1/../../../arm-none-eabi/lib/armv7e-m/libg_nano.a(lib_a-__atexit.o)
 .debug_loc     0x0000000000000000      0x1ce /usr/lib/gcc/arm-none-eabi/5.4.1/../../../arm-none-eabi/lib/armv7e-m/libg_nano.a(lib_a-__atexit.o)
 .debug_aranges
                0x0000000000000000       0x20 /usr/lib/gcc/arm-none-eabi/5.4.1/../../../arm-none-eabi/lib/armv7e-m/libg_nano.a(lib_a-__atexit.o)
 .debug_line    0x0000000000000000      0x13d /usr/lib/gcc/arm-none-eabi/5.4.1/../../../arm-none-eabi/lib/armv7e-m/libg_nano.a(lib_a-__atexit.o)
 .debug_str     0x0000000000000000      0x280 /usr/lib/gcc/arm-none-eabi/5.4.1/../../../arm-none-eabi/lib/armv7e-m/libg_nano.a(lib_a-__atexit.o)
 .comment       0x0000000000000000       0x2c /usr/lib/gcc/arm-none-eabi/5.4.1/../../../arm-none-eabi/lib/armv7e-m/libg_nano.a(lib_a-__atexit.o)
 .debug_frame   0x0000000000000000       0x34 /usr/lib/gcc/arm-none-eabi/5.4.1/../../../arm-none-eabi/lib/armv7e-m/libg_nano.a(lib_a-__atexit.o)
 .ARM.attributes
                0x0000000000000000       0x2e /usr/lib/gcc/arm-none-eabi/5.4.1/../../../arm-none-eabi/lib/armv7e-m/libg_nano.a(lib_a-__atexit.o)
 .text          0x0000000000000000       0xf8 /usr/lib/gcc/arm-none-eabi/5.4.1/../../../arm-none-eabi/lib/armv7e-m/libg_nano.a(lib_a-__call_atexit.o)
 .data          0x0000000000000000        0x0 /usr/lib/gcc/arm-none-eabi/5.4.1/../../../arm-none-eabi/lib/armv7e-m/libg_nano.a(lib_a-__call_atexit.o)
 .bss           0x0000000000000000        0x4 /usr/lib/gcc/arm-none-eabi/5.4.1/../../../arm-none-eabi/lib/armv7e-m/libg_nano.a(lib_a-__call_atexit.o)
 .debug_info    0x0000000000000000      0x243 /usr/lib/gcc/arm-none-eabi/5.4.1/../../../arm-none-eabi/lib/armv7e-m/libg_nano.a(lib_a-__call_atexit.o)
 .debug_abbrev  0x0000000000000000      0x164 /usr/lib/gcc/arm-none-eabi/5.4.1/../../../arm-none-eabi/lib/armv7e-m/libg_nano.a(lib_a-__call_atexit.o)
 .debug_loc     0x0000000000000000      0x166 /usr/lib/gcc/arm-none-eabi/5.4.1/../../../arm-none-eabi/lib/armv7e-m/libg_nano.a(lib_a-__call_atexit.o)
 .debug_aranges
                0x0000000000000000       0x20 /usr/lib/gcc/arm-none-eabi/5.4.1/../../../arm-none-eabi/lib/armv7e-m/libg_nano.a(lib_a-__call_atexit.o)
 .debug_ranges  0x0000000000000000       0x20 /usr/lib/gcc/arm-none-eabi/5.4.1/../../../arm-none-eabi/lib/armv7e-m/libg_nano.a(lib_a-__call_atexit.o)
 .debug_line    0x0000000000000000      0x15b /usr/lib/gcc/arm-none-eabi/5.4.1/../../../arm-none-eabi/lib/armv7e-m/libg_nano.a(lib_a-__call_atexit.o)
 .debug_str     0x0000000000000000      0x23e /usr/lib/gcc/arm-none-eabi/5.4.1/../../../arm-none-eabi/lib/armv7e-m/libg_nano.a(lib_a-__call_atexit.o)
 .comment       0x0000000000000000       0x2c /usr/lib/gcc/arm-none-eabi/5.4.1/../../../arm-none-eabi/lib/armv7e-m/libg_nano.a(lib_a-__call_atexit.o)
 .debug_frame   0x0000000000000000       0x40 /usr/lib/gcc/arm-none-eabi/5.4.1/../../../arm-none-eabi/lib/armv7e-m/libg_nano.a(lib_a-__call_atexit.o)
 .ARM.attributes
                0x0000000000000000       0x2e /usr/lib/gcc/arm-none-eabi/5.4.1/../../../arm-none-eabi/lib/armv7e-m/libg_nano.a(lib_a-__call_atexit.o)
 .text          0x0000000000000000        0x4 /usr/lib/gcc/arm-none-eabi/5.4.1/../../../arm-none-eabi/lib/armv7e-m/libnosys.a(_exit.o)
 .data          0x0000000000000000        0x0 /usr/lib/gcc/arm-none-eabi/5.4.1/../../../arm-none-eabi/lib/armv7e-m/libnosys.a(_exit.o)
 .bss           0x0000000000000000        0x0 /usr/lib/gcc/arm-none-eabi/5.4.1/../../../arm-none-eabi/lib/armv7e-m/libnosys.a(_exit.o)
 .debug_info    0x0000000000000000       0x9a /usr/lib/gcc/arm-none-eabi/5.4.1/../../../arm-none-eabi/lib/armv7e-m/libnosys.a(_exit.o)
 .debug_abbrev  0x0000000000000000       0x61 /usr/lib/gcc/arm-none-eabi/5.4.1/../../../arm-none-eabi/lib/armv7e-m/libnosys.a(_exit.o)
 .debug_aranges
                0x0000000000000000       0x20 /usr/lib/gcc/arm-none-eabi/5.4.1/../../../arm-none-eabi/lib/armv7e-m/libnosys.a(_exit.o)
 .debug_line    0x0000000000000000       0x58 /usr/lib/gcc/arm-none-eabi/5.4.1/../../../arm-none-eabi/lib/armv7e-m/libnosys.a(_exit.o)
 .debug_str     0x0000000000000000      0x157 /usr/lib/gcc/arm-none-eabi/5.4.1/../../../arm-none-eabi/lib/armv7e-m/libnosys.a(_exit.o)
 .comment       0x0000000000000000       0x2c /usr/lib/gcc/arm-none-eabi/5.4.1/../../../arm-none-eabi/lib/armv7e-m/libnosys.a(_exit.o)
 .debug_frame   0x0000000000000000       0x20 /usr/lib/gcc/arm-none-eabi/5.4.1/../../../arm-none-eabi/lib/armv7e-m/libnosys.a(_exit.o)
 .ARM.attributes
                0x0000000000000000       0x2e /usr/lib/gcc/arm-none-eabi/5.4.1/../../../arm-none-eabi/lib/armv7e-m/libnosys.a(_exit.o)
 .text          0x0000000000000000        0x0 /usr/lib/gcc/arm-none-eabi/5.4.1/armv7e-m/crtend.o
 .data          0x0000000000000000        0x0 /usr/lib/gcc/arm-none-eabi/5.4.1/armv7e-m/crtend.o
 .bss           0x0000000000000000        0x0 /usr/lib/gcc/arm-none-eabi/5.4.1/armv7e-m/crtend.o
 .eh_frame      0x0000000000000000        0x4 /usr/lib/gcc/arm-none-eabi/5.4.1/armv7e-m/crtend.o
 .jcr           0x0000000000000000        0x4 /usr/lib/gcc/arm-none-eabi/5.4.1/armv7e-m/crtend.o
 .text          0x0000000000000000        0x0 /usr/lib/gcc/arm-none-eabi/5.4.1/armv7e-m/crtn.o
 .data          0x0000000000000000        0x0 /usr/lib/gcc/arm-none-eabi/5.4.1/armv7e-m/crtn.o
 .bss           0x0000000000000000        0x0 /usr/lib/gcc/arm-none-eabi/5.4.1/armv7e-m/crtn.o

Memory Configuration

Name             Origin             Length             Attributes
RAM              0x0000000020000000 0x0000000000003000 xrw
ROM              0x0000000008000000 0x0000000000010000 xr
*default*        0x0000000000000000 0xffffffffffffffff

Linker script and memory map

LOAD /usr/lib/gcc/arm-none-eabi/5.4.1/armv7e-m/crti.o
LOAD /usr/lib/gcc/arm-none-eabi/5.4.1/armv7e-m/crtbegin.o
LOAD /usr/lib/gcc/arm-none-eabi/5.4.1/../../../arm-none-eabi/lib/armv7e-m/crt0.o
LOAD objdir/simpleserial-base.o
LOAD objdir/simpleserial.o
LOAD objdir/stm32f3_hal.o
LOAD objdir/stm32f3_hal_lowlevel.o
LOAD objdir/stm32f3_sysmem.o
LOAD objdir/stm32f3_startup.o
LOAD /usr/lib/gcc/arm-none-eabi/5.4.1/../../../arm-none-eabi/lib/armv7e-m/libm.a
LOAD /usr/lib/gcc/arm-none-eabi/5.4.1/../../../arm-none-eabi/lib/armv7e-m/libm.a
START GROUP
LOAD /usr/lib/gcc/arm-none-eabi/5.4.1/armv7e-m/libgcc.a
LOAD /usr/lib/gcc/arm-none-eabi/5.4.1/../../../arm-none-eabi/lib/armv7e-m/libg_nano.a
LOAD /usr/lib/gcc/arm-none-eabi/5.4.1/../../../arm-none-eabi/lib/armv7e-m/libc_nano.a
END GROUP
START GROUP
LOAD /usr/lib/gcc/arm-none-eabi/5.4.1/armv7e-m/libgcc.a
LOAD /usr/lib/gcc/arm-none-eabi/5.4.1/../../../arm-none-eabi/lib/armv7e-m/libc_nano.a
LOAD /usr/lib/gcc/arm-none-eabi/5.4.1/../../../arm-none-eabi/lib/armv7e-m/libnosys.a
END GROUP
START GROUP
LOAD /usr/lib/gcc/arm-none-eabi/5.4.1/armv7e-m/libgcc.a
LOAD /usr/lib/gcc/arm-none-eabi/5.4.1/../../../arm-none-eabi/lib/armv7e-m/libc_nano.a
LOAD /usr/lib/gcc/arm-none-eabi/5.4.1/../../../arm-none-eabi/lib/armv7e-m/libnosys.a
END GROUP
LOAD /usr/lib/gcc/arm-none-eabi/5.4.1/armv7e-m/crtend.o
LOAD /usr/lib/gcc/arm-none-eabi/5.4.1/armv7e-m/crtn.o
                0x0000000020003000                _estack = 0x20003000
                0x0000000000000000                _Min_Heap_Size = 0x0
                0x0000000000000400                _Min_Stack_Size = 0x400

.isr_vector     0x0000000008000000      0x188
                0x0000000008000000                . = ALIGN (0x4)
 *(.isr_vector)
 .isr_vector    0x0000000008000000      0x188 objdir/stm32f3_startup.o
                0x0000000008000000                g_pfnVectors
                0x0000000008000188                . = ALIGN (0x4)

.text           0x0000000008000188     0x16ac
                0x0000000008000188                . = ALIGN (0x4)
 *(.text)
 .text          0x0000000008000188       0xa4 /usr/lib/gcc/arm-none-eabi/5.4.1/armv7e-m/crtbegin.o
 .text          0x000000000800022c       0x50 /usr/lib/gcc/arm-none-eabi/5.4.1/../../../arm-none-eabi/lib/armv7e-m/libg_nano.a(lib_a-init.o)
                0x000000000800022c                __libc_init_array
 .text          0x000000000800027c       0x9c /usr/lib/gcc/arm-none-eabi/5.4.1/../../../arm-none-eabi/lib/armv7e-m/libg_nano.a(lib_a-memset.o)
                0x000000000800027c                memset
 *(.text*)
 .text.reset    0x0000000008000318        0x4 objdir/simpleserial-base.o
                0x0000000008000318                reset
 .text.get_key  0x000000000800031c        0x4 objdir/simpleserial-base.o
                0x000000000800031c                get_key
 .text.u4byte_in
                0x0000000008000320       0x16 objdir/simpleserial-base.o
                0x0000000008000320                u4byte_in
 .text.u4byte_out
                0x0000000008000336       0x10 objdir/simpleserial-base.o
                0x0000000008000336                u4byte_out
 .text.AddRoundKey
                0x0000000008000346       0x82 objdir/simpleserial-base.o
                0x0000000008000346                AddRoundKey
 .text.SubBytes
                0x00000000080003c8       0x68 objdir/simpleserial-base.o
                0x00000000080003c8                SubBytes
 .text.ShiftRows
                0x0000000008000430       0x32 objdir/simpleserial-base.o
                0x0000000008000430                ShiftRows
 .text.MixColumns
                0x0000000008000462      0x15c objdir/simpleserial-base.o
                0x0000000008000462                MixColumns
 .text.AES_ENC  0x00000000080005be       0x74 objdir/simpleserial-base.o
                0x00000000080005be                AES_ENC
 .text.AES_KeyWorldToByte
                0x0000000008000632       0x18 objdir/simpleserial-base.o
                0x0000000008000632                AES_KeyWorldToByte
 *fill*         0x000000000800064a        0x2 
 .text.RoundKeyGeneration128
                0x000000000800064c       0x9c objdir/simpleserial-base.o
                0x000000000800064c                RoundKeyGeneration128
 .text.get_pt   0x00000000080006e8      0x122 objdir/simpleserial-base.o
                0x00000000080006e8                get_pt
 *fill*         0x000000000800080a        0x2 
 .text.startup.main
                0x000000000800080c       0x44 objdir/simpleserial-base.o
                0x000000000800080c                main
 .text.check_version
                0x0000000008000850        0x4 objdir/simpleserial.o
                0x0000000008000850                check_version
 .text.hex_decode
                0x0000000008000854       0x76 objdir/simpleserial.o
                0x0000000008000854                hex_decode
 *fill*         0x00000000080008ca        0x2 
 .text.simpleserial_addcmd
                0x00000000080008cc       0x2c objdir/simpleserial.o
                0x00000000080008cc                simpleserial_addcmd
 .text.simpleserial_init
                0x00000000080008f8       0x10 objdir/simpleserial.o
                0x00000000080008f8                simpleserial_init
 .text.simpleserial_put
                0x0000000008000908       0x44 objdir/simpleserial.o
                0x0000000008000908                simpleserial_put
 .text.simpleserial_get
                0x000000000800094c       0x94 objdir/simpleserial.o
                0x000000000800094c                simpleserial_get
 .text.platform_init
                0x00000000080009e0       0x80 objdir/stm32f3_hal.o
                0x00000000080009e0                platform_init
 .text.init_uart
                0x0000000008000a60       0x78 objdir/stm32f3_hal.o
                0x0000000008000a60                init_uart
 .text.trigger_setup
                0x0000000008000ad8       0x48 objdir/stm32f3_hal.o
                0x0000000008000ad8                trigger_setup
 .text.trigger_high
                0x0000000008000b20        0xe objdir/stm32f3_hal.o
                0x0000000008000b20                trigger_high
 .text.trigger_low
                0x0000000008000b2e        0xe objdir/stm32f3_hal.o
                0x0000000008000b2e                trigger_low
 .text.getch    0x0000000008000b3c       0x30 objdir/stm32f3_hal.o
                0x0000000008000b3c                getch
 .text.putch    0x0000000008000b6c       0x20 objdir/stm32f3_hal.o
                0x0000000008000b6c                putch
 .text.HAL_GetTick
                0x0000000008000b8c       0x10 objdir/stm32f3_hal_lowlevel.o
                0x0000000008000b8c                HAL_GetTick
 .text.HAL_RCC_OscConfig
                0x0000000008000b9c      0x4e4 objdir/stm32f3_hal_lowlevel.o
                0x0000000008000b9c                HAL_RCC_OscConfig
 .text.HAL_RCC_ClockConfig
                0x0000000008001080      0x148 objdir/stm32f3_hal_lowlevel.o
                0x0000000008001080                HAL_RCC_ClockConfig
 .text.HAL_GPIO_Init
                0x00000000080011c8      0x194 objdir/stm32f3_hal_lowlevel.o
                0x00000000080011c8                HAL_GPIO_Init
 .text.HAL_GPIO_WritePin
                0x000000000800135c        0xa objdir/stm32f3_hal_lowlevel.o
                0x000000000800135c                HAL_GPIO_WritePin
 *fill*         0x0000000008001366        0x2 
 .text.UART_SetConfig
                0x0000000008001368      0x1cc objdir/stm32f3_hal_lowlevel.o
                0x0000000008001368                UART_SetConfig
 .text.UART_WaitOnFlagUntilTimeout
                0x0000000008001534       0x58 objdir/stm32f3_hal_lowlevel.o
                0x0000000008001534                UART_WaitOnFlagUntilTimeout
 .text.UART_CheckIdleState
                0x000000000800158c       0x68 objdir/stm32f3_hal_lowlevel.o
                0x000000000800158c                UART_CheckIdleState
 .text.HAL_UART_Init
                0x00000000080015f4       0x56 objdir/stm32f3_hal_lowlevel.o
                0x00000000080015f4                HAL_UART_Init
 .text.HAL_UART_Transmit
                0x000000000800164a       0xb0 objdir/stm32f3_hal_lowlevel.o
                0x000000000800164a                HAL_UART_Transmit
 .text.HAL_UART_Receive
                0x00000000080016fa       0xd6 objdir/stm32f3_hal_lowlevel.o
                0x00000000080016fa                HAL_UART_Receive
 .text.Reset_Handler
                0x00000000080017d0       0x48 objdir/stm32f3_startup.o
                0x00000000080017d0                Reset_Handler
 .text.Default_Handler
                0x0000000008001818        0x2 objdir/stm32f3_startup.o
                0x0000000008001818                DebugMon_Handler
                0x0000000008001818                HardFault_Handler
                0x0000000008001818                SysTick_Handler
                0x0000000008001818                PendSV_Handler
                0x0000000008001818                NMI_Handler
                0x0000000008001818                UsageFault_Handler
                0x0000000008001818                Default_Handler
                0x0000000008001818                MemManage_Handler
                0x0000000008001818                SVC_Handler
                0x0000000008001818                BusFault_Handler
 *(.glue_7)
 .glue_7        0x000000000800181a        0x0 linker stubs
 *(.glue_7t)
 .glue_7t       0x000000000800181a        0x0 linker stubs
 *(.eh_frame)
 *fill*         0x000000000800181a        0x2 
 .eh_frame      0x000000000800181c        0x0 /usr/lib/gcc/arm-none-eabi/5.4.1/armv7e-m/crtbegin.o
 *(.init)
 .init          0x000000000800181c        0x4 /usr/lib/gcc/arm-none-eabi/5.4.1/armv7e-m/crti.o
                0x000000000800181c                _init
 .init          0x0000000008001820        0x8 /usr/lib/gcc/arm-none-eabi/5.4.1/armv7e-m/crtn.o
 *(.fini)
 .fini          0x0000000008001828        0x4 /usr/lib/gcc/arm-none-eabi/5.4.1/armv7e-m/crti.o
                0x0000000008001828                _fini
 .fini          0x000000000800182c        0x8 /usr/lib/gcc/arm-none-eabi/5.4.1/armv7e-m/crtn.o
                0x0000000008001834                . = ALIGN (0x4)
                0x0000000008001834                _etext = .

.vfp11_veneer   0x0000000008001834        0x0
 .vfp11_veneer  0x0000000008001834        0x0 linker stubs

.v4_bx          0x0000000008001834        0x0
 .v4_bx         0x0000000008001834        0x0 linker stubs

.iplt           0x0000000008001834        0x0
 .iplt          0x0000000008001834        0x0 /usr/lib/gcc/arm-none-eabi/5.4.1/armv7e-m/crtbegin.o

.rodata         0x0000000008001834      0x114
                0x0000000008001834                . = ALIGN (0x4)
 *(.rodata)
 .rodata        0x0000000008001834      0x100 objdir/simpleserial-base.o
 .rodata        0x0000000008001934       0x10 objdir/simpleserial.o
 .rodata        0x0000000008001944        0x4 objdir/stm32f3_hal_lowlevel.o
 *(.rodata*)
                0x0000000008001948                . = ALIGN (0x4)

.rel.dyn        0x0000000008001948        0x0
 .rel.iplt      0x0000000008001948        0x0 /usr/lib/gcc/arm-none-eabi/5.4.1/armv7e-m/crtbegin.o

.ARM.extab      0x0000000008001948        0x0
                0x0000000008001948                . = ALIGN (0x4)
 *(.ARM.extab* .gnu.linkonce.armextab.*)
                0x0000000008001948                . = ALIGN (0x4)

.ARM            0x0000000008001948        0x0
                0x0000000008001948                . = ALIGN (0x4)
                0x0000000008001948                __exidx_start = .
 *(.ARM.exidx*)
                0x0000000008001948                __exidx_end = .
                0x0000000008001948                . = ALIGN (0x4)

.preinit_array  0x0000000008001948        0x0
                0x0000000008001948                . = ALIGN (0x4)
                0x0000000008001948                PROVIDE (__preinit_array_start, .)
 *(.preinit_array*)
                0x0000000008001948                PROVIDE (__preinit_array_end, .)
                0x0000000008001948                . = ALIGN (0x4)

.init_array     0x0000000008001948        0x4
                0x0000000008001948                . = ALIGN (0x4)
                0x0000000008001948                PROVIDE (__init_array_start, .)
 *(SORT(.init_array.*))
 *(.init_array*)
 .init_array    0x0000000008001948        0x4 /usr/lib/gcc/arm-none-eabi/5.4.1/armv7e-m/crtbegin.o
                0x000000000800194c                PROVIDE (__init_array_end, .)
                0x000000000800194c                . = ALIGN (0x4)

.fini_array     0x000000000800194c        0x4
                0x000000000800194c                . = ALIGN (0x4)
                0x000000000800194c                PROVIDE (__fini_array_start, .)
 *(SORT(.fini_array.*))
 *(.fini_array*)
 .fini_array    0x000000000800194c        0x4 /usr/lib/gcc/arm-none-eabi/5.4.1/armv7e-m/crtbegin.o
                0x0000000008001950                PROVIDE (__fini_array_end, .)
                0x0000000008001950                . = ALIGN (0x4)
                0x0000000008001950                _sidata = LOADADDR (.data)

.data           0x0000000020000000       0x28 load address 0x0000000008001950
                0x0000000020000000                . = ALIGN (0x4)
                0x0000000020000000                _sdata = .
 *(.data)
 .data          0x0000000020000000       0x28 objdir/simpleserial-base.o
                0x0000000020000000                Rcons
 *(.data*)
                0x0000000020000028                . = ALIGN (0x4)
                0x0000000020000028                _edata = .

.jcr            0x0000000020000028        0x0 load address 0x0000000008001978
 .jcr           0x0000000020000028        0x0 /usr/lib/gcc/arm-none-eabi/5.4.1/armv7e-m/crtbegin.o

.tm_clone_table
                0x0000000020000028        0x0 load address 0x0000000008001978
 .tm_clone_table
                0x0000000020000028        0x0 /usr/lib/gcc/arm-none-eabi/5.4.1/armv7e-m/crtbegin.o
 .tm_clone_table
                0x0000000020000028        0x0 /usr/lib/gcc/arm-none-eabi/5.4.1/armv7e-m/crtend.o

.igot.plt       0x0000000020000028        0x0 load address 0x0000000008001978
 .igot.plt      0x0000000020000028        0x0 /usr/lib/gcc/arm-none-eabi/5.4.1/armv7e-m/crtbegin.o
                0x0000000020000028                . = ALIGN (0x4)

.bss            0x0000000020000028      0x158 load address 0x0000000008001978
                0x0000000020000028                _sbss = .
                0x0000000020000028                __bss_start__ = _sbss
 *(.bss)
 .bss           0x0000000020000028       0x1c /usr/lib/gcc/arm-none-eabi/5.4.1/armv7e-m/crtbegin.o
 .bss           0x0000000020000044       0xc4 objdir/simpleserial.o
 .bss           0x0000000020000108        0x8 objdir/stm32f3_hal_lowlevel.o
                0x0000000020000108                hal_sys_tick
                0x000000002000010c                uwTick
 *(.bss*)
 *(COMMON)
 COMMON         0x0000000020000110       0x70 objdir/stm32f3_hal.o
                0x0000000020000110                UartHandle
                0x0000000020000180                . = ALIGN (0x4)
                0x0000000020000180                _ebss = .
                0x0000000020000180                __bss_end__ = _ebss

._user_heap_stack
                0x0000000020000180      0x400 load address 0x0000000008001978
                0x0000000020000180                . = ALIGN (0x8)
                0x0000000020000180                PROVIDE (end, .)
                [!provide]                        PROVIDE (_end, .)
                0x0000000020000180                . = (. + _Min_Heap_Size)
                0x0000000020000580                . = (. + _Min_Stack_Size)
 *fill*         0x0000000020000180      0x400 
                0x0000000020000580                . = ALIGN (0x8)

/DISCARD/
 libc.a(*)
 libm.a(*)
 libgcc.a(*)

.ARM.attributes
                0x0000000000000000       0x2a
 *(.ARM.attributes)
 .ARM.attributes
                0x0000000000000000       0x1e /usr/lib/gcc/arm-none-eabi/5.4.1/armv7e-m/crti.o
 .ARM.attributes
                0x000000000000001e       0x2e /usr/lib/gcc/arm-none-eabi/5.4.1/armv7e-m/crtbegin.o
 .ARM.attributes
                0x000000000000004c       0x33 objdir/simpleserial-base.o
 .ARM.attributes
                0x000000000000007f       0x33 objdir/simpleserial.o
 .ARM.attributes
                0x00000000000000b2       0x33 objdir/stm32f3_hal.o
 .ARM.attributes
                0x00000000000000e5       0x33 objdir/stm32f3_hal_lowlevel.o
 .ARM.attributes
                0x0000000000000118       0x21 objdir/stm32f3_startup.o
 .ARM.attributes
                0x0000000000000139       0x2e /usr/lib/gcc/arm-none-eabi/5.4.1/../../../arm-none-eabi/lib/armv7e-m/libg_nano.a(lib_a-init.o)
 .ARM.attributes
                0x0000000000000167       0x2e /usr/lib/gcc/arm-none-eabi/5.4.1/../../../arm-none-eabi/lib/armv7e-m/libg_nano.a(lib_a-memset.o)
 .ARM.attributes
                0x0000000000000195       0x2e /usr/lib/gcc/arm-none-eabi/5.4.1/armv7e-m/crtend.o
 .ARM.attributes
                0x00000000000001c3       0x1e /usr/lib/gcc/arm-none-eabi/5.4.1/armv7e-m/crtn.o
OUTPUT(simpleserial-base-CW308_STM32F3.elf elf32-littlearm)

.comment        0x0000000000000000       0x2b
 .comment       0x0000000000000000       0x2b /usr/lib/gcc/arm-none-eabi/5.4.1/armv7e-m/crtbegin.o
                                         0x2c (size before relaxing)
 .comment       0x000000000000002b       0x2c objdir/simpleserial-base.o
 .comment       0x000000000000002b       0x2c objdir/simpleserial.o
 .comment       0x000000000000002b       0x2c objdir/stm32f3_hal.o
 .comment       0x000000000000002b       0x2c objdir/stm32f3_hal_lowlevel.o
 .comment       0x000000000000002b       0x2c /usr/lib/gcc/arm-none-eabi/5.4.1/../../../arm-none-eabi/lib/armv7e-m/libg_nano.a(lib_a-init.o)
 .comment       0x000000000000002b       0x2c /usr/lib/gcc/arm-none-eabi/5.4.1/../../../arm-none-eabi/lib/armv7e-m/libg_nano.a(lib_a-memset.o)
 .comment       0x000000000000002b       0x2c /usr/lib/gcc/arm-none-eabi/5.4.1/armv7e-m/crtend.o

.debug_info     0x0000000000000000     0x3f4e
 .debug_info    0x0000000000000000      0x7f2 objdir/simpleserial-base.o
 .debug_info    0x00000000000007f2      0x49e objdir/simpleserial.o
 .debug_info    0x0000000000000c90      0xdec objdir/stm32f3_hal.o
 .debug_info    0x0000000000001a7c     0x22a4 objdir/stm32f3_hal_lowlevel.o
 .debug_info    0x0000000000003d20      0x110 /usr/lib/gcc/arm-none-eabi/5.4.1/../../../arm-none-eabi/lib/armv7e-m/libg_nano.a(lib_a-init.o)
 .debug_info    0x0000000000003e30      0x11e /usr/lib/gcc/arm-none-eabi/5.4.1/../../../arm-none-eabi/lib/armv7e-m/libg_nano.a(lib_a-memset.o)

.debug_abbrev   0x0000000000000000      0xbf5
 .debug_abbrev  0x0000000000000000      0x22b objdir/simpleserial-base.o
 .debug_abbrev  0x000000000000022b      0x247 objdir/simpleserial.o
 .debug_abbrev  0x0000000000000472      0x20b objdir/stm32f3_hal.o
 .debug_abbrev  0x000000000000067d      0x41f objdir/stm32f3_hal_lowlevel.o
 .debug_abbrev  0x0000000000000a9c       0xba /usr/lib/gcc/arm-none-eabi/5.4.1/../../../arm-none-eabi/lib/armv7e-m/libg_nano.a(lib_a-init.o)
 .debug_abbrev  0x0000000000000b56       0x9f /usr/lib/gcc/arm-none-eabi/5.4.1/../../../arm-none-eabi/lib/armv7e-m/libg_nano.a(lib_a-memset.o)

.debug_loc      0x0000000000000000     0x1eec
 .debug_loc     0x0000000000000000      0x610 objdir/simpleserial-base.o
 .debug_loc     0x0000000000000610      0x41d objdir/simpleserial.o
 .debug_loc     0x0000000000000a2d      0x170 objdir/stm32f3_hal.o
 .debug_loc     0x0000000000000b9d     0x10f3 objdir/stm32f3_hal_lowlevel.o
 .debug_loc     0x0000000000001c90       0xae /usr/lib/gcc/arm-none-eabi/5.4.1/../../../arm-none-eabi/lib/armv7e-m/libg_nano.a(lib_a-init.o)
 .debug_loc     0x0000000000001d3e      0x1ae /usr/lib/gcc/arm-none-eabi/5.4.1/../../../arm-none-eabi/lib/armv7e-m/libg_nano.a(lib_a-memset.o)

.debug_aranges  0x0000000000000000      0x200
 .debug_aranges
                0x0000000000000000       0x80 objdir/simpleserial-base.o
 .debug_aranges
                0x0000000000000080       0x50 objdir/simpleserial.o
 .debug_aranges
                0x00000000000000d0       0x60 objdir/stm32f3_hal.o
 .debug_aranges
                0x0000000000000130       0x90 objdir/stm32f3_hal_lowlevel.o
 .debug_aranges
                0x00000000000001c0       0x20 /usr/lib/gcc/arm-none-eabi/5.4.1/../../../arm-none-eabi/lib/armv7e-m/libg_nano.a(lib_a-init.o)
 .debug_aranges
                0x00000000000001e0       0x20 /usr/lib/gcc/arm-none-eabi/5.4.1/../../../arm-none-eabi/lib/armv7e-m/libg_nano.a(lib_a-memset.o)

.debug_ranges   0x0000000000000000      0x360
 .debug_ranges  0x0000000000000000       0x70 objdir/simpleserial-base.o
 .debug_ranges  0x0000000000000070       0x60 objdir/simpleserial.o
 .debug_ranges  0x00000000000000d0       0xb0 objdir/stm32f3_hal.o
 .debug_ranges  0x0000000000000180      0x1e0 objdir/stm32f3_hal_lowlevel.o

.debug_line     0x0000000000000000     0x1171
 .debug_line    0x0000000000000000      0x2e8 objdir/simpleserial-base.o
 .debug_line    0x00000000000002e8      0x1b8 objdir/simpleserial.o
 .debug_line    0x00000000000004a0      0x25f objdir/stm32f3_hal.o
 .debug_line    0x00000000000006ff      0x8af objdir/stm32f3_hal_lowlevel.o
 .debug_line    0x0000000000000fae       0xb5 /usr/lib/gcc/arm-none-eabi/5.4.1/../../../arm-none-eabi/lib/armv7e-m/libg_nano.a(lib_a-init.o)
 .debug_line    0x0000000000001063      0x10e /usr/lib/gcc/arm-none-eabi/5.4.1/../../../arm-none-eabi/lib/armv7e-m/libg_nano.a(lib_a-memset.o)

.debug_str      0x0000000000000000     0x14fc
 .debug_str     0x0000000000000000      0x2a7 objdir/simpleserial-base.o
                                        0x2ed (size before relaxing)
 .debug_str     0x00000000000002a7       0x90 objdir/simpleserial.o
                                        0x282 (size before relaxing)
 .debug_str     0x0000000000000337      0x712 objdir/stm32f3_hal.o
                                        0x949 (size before relaxing)
 .debug_str     0x0000000000000a49      0x8b5 objdir/stm32f3_hal_lowlevel.o
                                       0x119c (size before relaxing)
 .debug_str     0x00000000000012fe      0x15c /usr/lib/gcc/arm-none-eabi/5.4.1/../../../arm-none-eabi/lib/armv7e-m/libg_nano.a(lib_a-init.o)
                                        0x1f4 (size before relaxing)
 .debug_str     0x000000000000145a       0xa2 /usr/lib/gcc/arm-none-eabi/5.4.1/../../../arm-none-eabi/lib/armv7e-m/libg_nano.a(lib_a-memset.o)
                                        0x1a9 (size before relaxing)

.debug_frame    0x0000000000000000      0x5c4
 .debug_frame   0x0000000000000000      0x17c objdir/simpleserial-base.o
 .debug_frame   0x000000000000017c       0xec objdir/simpleserial.o
 .debug_frame   0x0000000000000268       0xf4 objdir/stm32f3_hal.o
 .debug_frame   0x000000000000035c      0x208 objdir/stm32f3_hal_lowlevel.o
 .debug_frame   0x0000000000000564       0x2c /usr/lib/gcc/arm-none-eabi/5.4.1/../../../arm-none-eabi/lib/armv7e-m/libg_nano.a(lib_a-init.o)
 .debug_frame   0x0000000000000590       0x34 /usr/lib/gcc/arm-none-eabi/5.4.1/../../../arm-none-eabi/lib/armv7e-m/libg_nano.a(lib_a-memset.o)

.stab           0x0000000000000000      0x144
 .stab          0x0000000000000000      0x144 objdir/stm32f3_startup.o

.stabstr        0x0000000000000000       0x34
 .stabstr       0x0000000000000000       0x34 objdir/stm32f3_startup.o

Cross Reference Table

Symbol                                            File
AES_ENC                                           objdir/simpleserial-base.o
AES_KeySchedule                                   objdir/simpleserial-base.o
AES_KeyWorldToByte                                objdir/simpleserial-base.o
AddRoundKey                                       objdir/simpleserial-base.o
BusFault_Handler                                  objdir/stm32f3_startup.o
DebugMon_Handler                                  objdir/stm32f3_startup.o
Default_Handler                                   objdir/stm32f3_startup.o
HAL_GPIO_Init                                     objdir/stm32f3_hal_lowlevel.o
                                                  objdir/stm32f3_hal.o
HAL_GPIO_WritePin                                 objdir/stm32f3_hal_lowlevel.o
                                                  objdir/stm32f3_hal.o
HAL_GetTick                                       objdir/stm32f3_hal_lowlevel.o
HAL_IncTick                                       objdir/stm32f3_hal_lowlevel.o
HAL_InitTick                                      objdir/stm32f3_hal_lowlevel.o
HAL_NVIC_SetPriority                              objdir/stm32f3_hal_lowlevel.o
HAL_RCC_ClockConfig                               objdir/stm32f3_hal_lowlevel.o
                                                  objdir/stm32f3_hal.o
HAL_RCC_GetPCLK1Freq                              objdir/stm32f3_hal_lowlevel.o
HAL_RCC_GetPCLK2Freq                              objdir/stm32f3_hal_lowlevel.o
HAL_RCC_GetSysClockFreq                           objdir/stm32f3_hal_lowlevel.o
HAL_RCC_OscConfig                                 objdir/stm32f3_hal_lowlevel.o
                                                  objdir/stm32f3_hal.o
HAL_UART_Init                                     objdir/stm32f3_hal_lowlevel.o
                                                  objdir/stm32f3_hal.o
HAL_UART_Receive                                  objdir/stm32f3_hal_lowlevel.o
                                                  objdir/stm32f3_hal.o
HAL_UART_Transmit                                 objdir/stm32f3_hal_lowlevel.o
                                                  objdir/stm32f3_hal.o
HardFault_Handler                                 objdir/stm32f3_startup.o
MemManage_Handler                                 objdir/stm32f3_startup.o
MixColumns                                        objdir/simpleserial-base.o
NMI_Handler                                       objdir/stm32f3_startup.o
PendSV_Handler                                    objdir/stm32f3_startup.o
Rcons                                             objdir/simpleserial-base.o
Reset_Handler                                     objdir/stm32f3_startup.o
RoundKeyGeneration128                             objdir/simpleserial-base.o
SVC_Handler                                       objdir/stm32f3_startup.o
ShiftRows                                         objdir/simpleserial-base.o
SubBytes                                          objdir/simpleserial-base.o
SysTick_Handler                                   objdir/stm32f3_startup.o
SystemCoreClock                                   objdir/stm32f3_hal_lowlevel.o
SystemInit                                        objdir/stm32f3_startup.o
UART_CheckIdleState                               objdir/stm32f3_hal_lowlevel.o
UART_SetConfig                                    objdir/stm32f3_hal_lowlevel.o
UART_WaitOnFlagUntilTimeout                       objdir/stm32f3_hal_lowlevel.o
UartHandle                                        objdir/stm32f3_hal.o
UsageFault_Handler                                objdir/stm32f3_startup.o
_ITM_deregisterTMCloneTable                       /usr/lib/gcc/arm-none-eabi/5.4.1/armv7e-m/crtbegin.o
_ITM_registerTMCloneTable                         /usr/lib/gcc/arm-none-eabi/5.4.1/armv7e-m/crtbegin.o
_Jv_RegisterClasses                               /usr/lib/gcc/arm-none-eabi/5.4.1/armv7e-m/crtbegin.o
__TMC_END__                                       /usr/lib/gcc/arm-none-eabi/5.4.1/armv7e-m/crtend.o
                                                  /usr/lib/gcc/arm-none-eabi/5.4.1/armv7e-m/crtbegin.o
__atexit_dummy                                    /usr/lib/gcc/arm-none-eabi/5.4.1/../../../arm-none-eabi/lib/armv7e-m/libg_nano.a(lib_a-__atexit.o)
__bss_end__                                       /usr/lib/gcc/arm-none-eabi/5.4.1/../../../arm-none-eabi/lib/armv7e-m/crt0.o
__bss_start__                                     /usr/lib/gcc/arm-none-eabi/5.4.1/../../../arm-none-eabi/lib/armv7e-m/crt0.o
__call_exitprocs                                  /usr/lib/gcc/arm-none-eabi/5.4.1/../../../arm-none-eabi/lib/armv7e-m/libg_nano.a(lib_a-__call_atexit.o)
                                                  /usr/lib/gcc/arm-none-eabi/5.4.1/../../../arm-none-eabi/lib/armv7e-m/libg_nano.a(lib_a-__atexit.o)
                                                  /usr/lib/gcc/arm-none-eabi/5.4.1/../../../arm-none-eabi/lib/armv7e-m/libg_nano.a(lib_a-exit.o)
__deregister_frame_info                           /usr/lib/gcc/arm-none-eabi/5.4.1/armv7e-m/crtbegin.o
__dso_handle                                      /usr/lib/gcc/arm-none-eabi/5.4.1/armv7e-m/crtbegin.o
__errno                                           /usr/lib/gcc/arm-none-eabi/5.4.1/../../../arm-none-eabi/lib/armv7e-m/libg_nano.a(lib_a-errno.o)
                                                  objdir/stm32f3_sysmem.o
__fini_array_end                                  /usr/lib/gcc/arm-none-eabi/5.4.1/../../../arm-none-eabi/lib/armv7e-m/libg_nano.a(lib_a-fini.o)
__fini_array_start                                /usr/lib/gcc/arm-none-eabi/5.4.1/../../../arm-none-eabi/lib/armv7e-m/libg_nano.a(lib_a-fini.o)
__init_array_end                                  /usr/lib/gcc/arm-none-eabi/5.4.1/../../../arm-none-eabi/lib/armv7e-m/libg_nano.a(lib_a-init.o)
__init_array_start                                /usr/lib/gcc/arm-none-eabi/5.4.1/../../../arm-none-eabi/lib/armv7e-m/libg_nano.a(lib_a-init.o)
__libc_fini_array                                 /usr/lib/gcc/arm-none-eabi/5.4.1/../../../arm-none-eabi/lib/armv7e-m/libg_nano.a(lib_a-fini.o)
                                                  /usr/lib/gcc/arm-none-eabi/5.4.1/../../../arm-none-eabi/lib/armv7e-m/crt0.o
__libc_init_array                                 /usr/lib/gcc/arm-none-eabi/5.4.1/../../../arm-none-eabi/lib/armv7e-m/libg_nano.a(lib_a-init.o)
                                                  objdir/stm32f3_startup.o
                                                  /usr/lib/gcc/arm-none-eabi/5.4.1/../../../arm-none-eabi/lib/armv7e-m/crt0.o
__on_exit_args                                    /usr/lib/gcc/arm-none-eabi/5.4.1/../../../arm-none-eabi/lib/armv7e-m/libg_nano.a(lib_a-__atexit.o)
__preinit_array_end                               /usr/lib/gcc/arm-none-eabi/5.4.1/../../../arm-none-eabi/lib/armv7e-m/libg_nano.a(lib_a-init.o)
__preinit_array_start                             /usr/lib/gcc/arm-none-eabi/5.4.1/../../../arm-none-eabi/lib/armv7e-m/libg_nano.a(lib_a-init.o)
__register_exitproc                               /usr/lib/gcc/arm-none-eabi/5.4.1/../../../arm-none-eabi/lib/armv7e-m/libg_nano.a(lib_a-__atexit.o)
                                                  /usr/lib/gcc/arm-none-eabi/5.4.1/../../../arm-none-eabi/lib/armv7e-m/libg_nano.a(lib_a-atexit.o)
__register_frame_info                             /usr/lib/gcc/arm-none-eabi/5.4.1/armv7e-m/crtbegin.o
__sf_fake_stderr                                  /usr/lib/gcc/arm-none-eabi/5.4.1/../../../arm-none-eabi/lib/armv7e-m/libg_nano.a(lib_a-impure.o)
__sf_fake_stdin                                   /usr/lib/gcc/arm-none-eabi/5.4.1/../../../arm-none-eabi/lib/armv7e-m/libg_nano.a(lib_a-impure.o)
__sf_fake_stdout                                  /usr/lib/gcc/arm-none-eabi/5.4.1/../../../arm-none-eabi/lib/armv7e-m/libg_nano.a(lib_a-impure.o)
__stack                                           /usr/lib/gcc/arm-none-eabi/5.4.1/../../../arm-none-eabi/lib/armv7e-m/crt0.o
_ebss                                             objdir/stm32f3_startup.o
_edata                                            objdir/stm32f3_startup.o
_estack                                           objdir/stm32f3_startup.o
_exit                                             /usr/lib/gcc/arm-none-eabi/5.4.1/../../../arm-none-eabi/lib/armv7e-m/libnosys.a(_exit.o)
                                                  /usr/lib/gcc/arm-none-eabi/5.4.1/../../../arm-none-eabi/lib/armv7e-m/libg_nano.a(lib_a-exit.o)
_fini                                             /usr/lib/gcc/arm-none-eabi/5.4.1/armv7e-m/crti.o
                                                  /usr/lib/gcc/arm-none-eabi/5.4.1/../../../arm-none-eabi/lib/armv7e-m/libg_nano.a(lib_a-fini.o)
_global_atexit                                    /usr/lib/gcc/arm-none-eabi/5.4.1/../../../arm-none-eabi/lib/armv7e-m/libg_nano.a(lib_a-__call_atexit.o)
                                                  /usr/lib/gcc/arm-none-eabi/5.4.1/../../../arm-none-eabi/lib/armv7e-m/libg_nano.a(lib_a-__atexit.o)
_global_impure_ptr                                /usr/lib/gcc/arm-none-eabi/5.4.1/../../../arm-none-eabi/lib/armv7e-m/libg_nano.a(lib_a-impure.o)
                                                  /usr/lib/gcc/arm-none-eabi/5.4.1/../../../arm-none-eabi/lib/armv7e-m/libg_nano.a(lib_a-exit.o)
_impure_ptr                                       /usr/lib/gcc/arm-none-eabi/5.4.1/../../../arm-none-eabi/lib/armv7e-m/libg_nano.a(lib_a-impure.o)
                                                  /usr/lib/gcc/arm-none-eabi/5.4.1/../../../arm-none-eabi/lib/armv7e-m/libg_nano.a(lib_a-errno.o)
_init                                             /usr/lib/gcc/arm-none-eabi/5.4.1/armv7e-m/crti.o
                                                  /usr/lib/gcc/arm-none-eabi/5.4.1/../../../arm-none-eabi/lib/armv7e-m/libg_nano.a(lib_a-init.o)
_mainCRTStartup                                   /usr/lib/gcc/arm-none-eabi/5.4.1/../../../arm-none-eabi/lib/armv7e-m/crt0.o
_sbrk                                             objdir/stm32f3_sysmem.o
_sbss                                             objdir/stm32f3_startup.o
_sdata                                            objdir/stm32f3_startup.o
_sidata                                           objdir/stm32f3_startup.o
_start                                            /usr/lib/gcc/arm-none-eabi/5.4.1/../../../arm-none-eabi/lib/armv7e-m/crt0.o
atexit                                            /usr/lib/gcc/arm-none-eabi/5.4.1/../../../arm-none-eabi/lib/armv7e-m/libg_nano.a(lib_a-atexit.o)
                                                  /usr/lib/gcc/arm-none-eabi/5.4.1/../../../arm-none-eabi/lib/armv7e-m/crt0.o
change_err_led                                    objdir/stm32f3_hal.o
change_ok_led                                     objdir/stm32f3_hal.o
check_version                                     objdir/simpleserial.o
end                                               objdir/stm32f3_sysmem.o
exit                                              /usr/lib/gcc/arm-none-eabi/5.4.1/../../../arm-none-eabi/lib/armv7e-m/libg_nano.a(lib_a-exit.o)
                                                  /usr/lib/gcc/arm-none-eabi/5.4.1/../../../arm-none-eabi/lib/armv7e-m/crt0.o
free                                              /usr/lib/gcc/arm-none-eabi/5.4.1/../../../arm-none-eabi/lib/armv7e-m/libg_nano.a(lib_a-__call_atexit.o)
g_pfnVectors                                      objdir/stm32f3_startup.o
get_key                                           objdir/simpleserial-base.o
get_pt                                            objdir/simpleserial-base.o
getch                                             objdir/stm32f3_hal.o
                                                  objdir/simpleserial.o
hal_sys_tick                                      objdir/stm32f3_hal_lowlevel.o
hardware_init_hook                                /usr/lib/gcc/arm-none-eabi/5.4.1/../../../arm-none-eabi/lib/armv7e-m/crt0.o
hex_decode                                        objdir/simpleserial.o
init_uart                                         objdir/stm32f3_hal.o
                                                  objdir/simpleserial-base.o
main                                              objdir/simpleserial-base.o
                                                  objdir/stm32f3_startup.o
                                                  /usr/lib/gcc/arm-none-eabi/5.4.1/../../../arm-none-eabi/lib/armv7e-m/crt0.o
malloc                                            /usr/lib/gcc/arm-none-eabi/5.4.1/../../../arm-none-eabi/lib/armv7e-m/libg_nano.a(lib_a-__atexit.o)
memset                                            /usr/lib/gcc/arm-none-eabi/5.4.1/../../../arm-none-eabi/lib/armv7e-m/libg_nano.a(lib_a-memset.o)
                                                  objdir/simpleserial-base.o
                                                  /usr/lib/gcc/arm-none-eabi/5.4.1/../../../arm-none-eabi/lib/armv7e-m/crt0.o
platform_init                                     objdir/stm32f3_hal.o
                                                  objdir/simpleserial-base.o
putch                                             objdir/stm32f3_hal.o
                                                  objdir/simpleserial.o
reset                                             objdir/simpleserial-base.o
simpleserial_addcmd                               objdir/simpleserial.o
                                                  objdir/simpleserial-base.o
simpleserial_get                                  objdir/simpleserial.o
                                                  objdir/simpleserial-base.o
simpleserial_init                                 objdir/simpleserial.o
                                                  objdir/simpleserial-base.o
simpleserial_put                                  objdir/simpleserial.o
                                                  objdir/simpleserial-base.o
software_init_hook                                /usr/lib/gcc/arm-none-eabi/5.4.1/../../../arm-none-eabi/lib/armv7e-m/crt0.o
ss_crc                                            objdir/simpleserial.o
trigger_high                                      objdir/stm32f3_hal.o
                                                  objdir/simpleserial-base.o
trigger_low                                       objdir/stm32f3_hal.o
                                                  objdir/simpleserial-base.o
trigger_setup                                     objdir/stm32f3_hal.o
                                                  objdir/simpleserial-base.o
u4byte_in                                         objdir/simpleserial-base.o
u4byte_out                                        objdir/simpleserial-base.o
uwTick                                            objdir/stm32f3_hal_lowlevel.o
